19:23:42 **** Build of configuration Debug for project Fnd_app ****
make all 
'Building file: ../src/hw/Led/Led.c'
'Invoking: MicroBlaze gcc compiler'
mb-gcc -Wall -O0 -g3 -c -fmessage-length=0 -MT"src/hw/Led/Led.o" -ID:/FPGA/MicroBlaze_Fnd/MicroBlaze_Fnd.vitis/design_MicroBlaze_Fnd_wrapper/export/design_MicroBlaze_Fnd_wrapper/sw/design_MicroBlaze_Fnd_wrapper/domain_microblaze_0/bspinclude/include -mlittle-endian -mcpu=v11.0 -mxl-soft-mul -Wl,--no-relax -ffunction-sections -fdata-sections -MMD -MP -MF"src/hw/Led/Led.d" -MT"src/hw/Led/Led.o" -o "src/hw/Led/Led.o" "../src/hw/Led/Led.c"
'Finished building: ../src/hw/Led/Led.c'
' '
'Building file: ../src/hw/Button/Button.c'
'Invoking: MicroBlaze gcc compiler'
mb-gcc -Wall -O0 -g3 -c -fmessage-length=0 -MT"src/hw/Button/Button.o" -ID:/FPGA/MicroBlaze_Fnd/MicroBlaze_Fnd.vitis/design_MicroBlaze_Fnd_wrapper/export/design_MicroBlaze_Fnd_wrapper/sw/design_MicroBlaze_Fnd_wrapper/domain_microblaze_0/bspinclude/include -mlittle-endian -mcpu=v11.0 -mxl-soft-mul -Wl,--no-relax -ffunction-sections -fdata-sections -MMD -MP -MF"src/hw/Button/Button.d" -MT"src/hw/Button/Button.o" -o "src/hw/Button/Button.o" "../src/hw/Button/Button.c"
'Finished building: ../src/hw/Button/Button.c'
' '
'Building file: ../src/main.c'
'Invoking: MicroBlaze gcc compiler'
mb-gcc -Wall -O0 -g3 -c -fmessage-length=0 -MT"src/main.o" -ID:/FPGA/MicroBlaze_Fnd/MicroBlaze_Fnd.vitis/design_MicroBlaze_Fnd_wrapper/export/design_MicroBlaze_Fnd_wrapper/sw/design_MicroBlaze_Fnd_wrapper/domain_microblaze_0/bspinclude/include -mlittle-endian -mcpu=v11.0 -mxl-soft-mul -Wl,--no-relax -ffunction-sections -fdata-sections -MMD -MP -MF"src/main.d" -MT"src/main.o" -o "src/main.o" "../src/main.c"
../src/main.c: In function 'main':
../src/main.c:72:15: warning: passing argument 1 of 'Led_Toggle' from incompatible pointer type [-Wincompatible-pointer-types]
   72 |    Led_Toggle(&modeButton);
      |               ^~~~~~~~~~~
      |               |
      |               buttonInst * {aka struct _buttonInst *}
In file included from ../src/main.h:11,
                 from ../src/main.c:1:
../src/hw/Led/Led.h:28:26: note: expected 'ledInst *' {aka 'struct _led *'} but argument is of type 'buttonInst *' {aka 'struct _buttonInst *'}
   28 | void Led_Toggle(ledInst *led);
      |                 ~~~~~~~~~^~~
'Finished building: ../src/main.c'
' '
'Building file: ../src/platform.c'
'Invoking: MicroBlaze gcc compiler'
mb-gcc -Wall -O0 -g3 -c -fmessage-length=0 -MT"src/platform.o" -ID:/FPGA/MicroBlaze_Fnd/MicroBlaze_Fnd.vitis/design_MicroBlaze_Fnd_wrapper/export/design_MicroBlaze_Fnd_wrapper/sw/design_MicroBlaze_Fnd_wrapper/domain_microblaze_0/bspinclude/include -mlittle-endian -mcpu=v11.0 -mxl-soft-mul -Wl,--no-relax -ffunction-sections -fdata-sections -MMD -MP -MF"src/platform.d" -MT"src/platform.o" -o "src/platform.o" "../src/platform.c"
'Finished building: ../src/platform.c'
' '
'Building target: Fnd_app.elf'
'Invoking: MicroBlaze gcc linker'
mb-gcc -Wl,-T -Wl,../src/lscript.ld -LD:/FPGA/MicroBlaze_Fnd/MicroBlaze_Fnd.vitis/design_MicroBlaze_Fnd_wrapper/export/design_MicroBlaze_Fnd_wrapper/sw/design_MicroBlaze_Fnd_wrapper/domain_microblaze_0/bsplib/lib -mlittle-endian -mcpu=v11.0 -mxl-soft-mul -Wl,--no-relax -Wl,--gc-sections -o "Fnd_app.elf"  ./src/hw/Led/Led.o  ./src/hw/Button/Button.o  ./src/main.o ./src/platform.o   -Wl,--start-group,-lxil,-lgcc,-lc,--end-group
'Finished building target: Fnd_app.elf'
' '
'Invoking: MicroBlaze Print Size'
mb-size Fnd_app.elf  |tee "Fnd_app.elf.size"
   text	   data	    bss	    dec	    hex	filename
   5028	    288	   3116	   8432	   20f0	Fnd_app.elf
'Finished building: Fnd_app.elf.size'
' '

19:23:45 Build Finished (took 3s.413ms)

